This script was generated by crab (version 2.10.5_patch1).
Running /var/lib/condor/execute/dir_14025/glide_Zt2Vk9/execute/dir_12457/condor_exec.exe with 2 positional parameters: 211 1
Today is Mon Oct 20 08:16:05 CDT 2014 - Mon Oct 20 13:16:05 UTC 2014
Job submitted on host umiss127.hep.olemiss.edu
Linux umiss127.hep.olemiss.edu 2.6.32-431.29.2.el6.x86_64 #1 SMP Tue Sep 9 13:45:55 CDT 2014 x86_64 x86_64 x86_64 GNU/Linux
>>> current directory (RUNTIME_AREA): /var/lib/condor/execute/dir_14025/glide_Zt2Vk9/execute/dir_12457
>>> current user: uid=511(uscms01) gid=600(umfarm) groups=600(umfarm),65018(glexec018)
>>> directory permission set to 0700
>>> umask set to:  u=rwx,g=,o=
>>> stdout stderr permission set to 0704
>>> voms proxy information:
subject   : /C=DE/O=GermanGrid/OU=DESY/CN=Pooja Saxena/CN=2033352022/CN=1628408411
issuer    : /C=DE/O=GermanGrid/OU=DESY/CN=Pooja Saxena/CN=2033352022
identity  : /C=DE/O=GermanGrid/OU=DESY/CN=Pooja Saxena/CN=2033352022
type      : RFC compliant proxy
strength  : 1024 bits
path      : /var/lib/condor/execute/dir_14025/glide_Zt2Vk9/execute/dir_12457/x509up_u23320
timeleft  : 23:59:56
key usage : Digital Signature, Key Encipherment, Data Encipherment
=== VO cms extension information ===
VO        : cms
subject   : /C=DE/O=GermanGrid/OU=DESY/CN=Pooja Saxena
issuer    : /DC=ch/DC=cern/OU=computers/CN=voms.cern.ch
attribute : /cms/Role=NULL/Capability=NULL
attribute : /cms/dcms/Role=NULL/Capability=NULL
attribute : /cms/uscms/Role=NULL/Capability=NULL
timeleft  : 191:42:04
uri       : voms.cern.ch:15002
WNHostName=umiss127.hep.olemiss.edu
>>> tar --no-same-permissions -xf /var/lib/condor/execute/dir_14025/glide_Zt2Vk9/execute/dir_12457/default.tgz :
Successful untar
>>> Include /var/lib/condor/execute/dir_14025/glide_Zt2Vk9/execute/dir_12457 in PYTHONPATH:
strip arguments
env var CRAB_UNIQUE_JOB_ID set to: psaxena_GEN-SIM-DIGI-L1_v1_010813_i64q1f_211_1_2Hp
out_files_211
>>> list of expected files on output sandbox
output files: crab_fjr_211.xml CMSSW_211.stdout CMSSW_211.stderr Watchdog_211.log.gz
>>> GridFlavour discovery: 
source OSG GRID setup script
GridFlavour=OSG
>>> SyncSite discovery: 
SyncSite=T3_US_UMiss
>>> SyncCE discovery: 
getting SyncCE from OSG_JOB_CONTACT
SyncCE=umiss001.hep.olemiss.edu/jobmanager-condor
>>> info for dashboard:
***** Cat /var/lib/condor/execute/dir_14025/glide_Zt2Vk9/execute/dir_12457/jobreport.txt *****
WNHostName=umiss127.hep.olemiss.edu
MonitorJobID=211_https://vocms83.cern.ch//141020//160596.210
SyncGridJobId=https://vocms83.cern.ch//141020//160596.210
MonitorID=psaxena_GEN-SIM-DIGI-L1_v1_010813_i64q1f
GridFlavour=OSG
SyncSite=T3_US_UMiss
SyncCE=umiss001.hep.olemiss.edu/jobmanager-condor
***** End Cat jobreport *****
Parameters sent to Dashboard.
>>> setup environment
set SCRAM ARCH to slc6_amd64_gcc481
SCRAM_ARCH = slc6_amd64_gcc481
>>> Created working directory: /var/lib/condor/execute/dir_14025/glide_Zt2Vk9/execute/dir_12457/cms_8GuEdpbfXriA
Change to working directory: /var/lib/condor/execute/dir_14025/glide_Zt2Vk9/execute/dir_12457/cms_8GuEdpbfXriA
>>> current directory (WORKING_DIR): /var/lib/condor/execute/dir_14025/glide_Zt2Vk9/execute/dir_12457/cms_8GuEdpbfXriA
>>> setup CMS OSG environment:
set SCRAM ARCH to slc6_amd64_gcc481
SCRAM_ARCH = slc6_amd64_gcc481
OSG_APP is /osgremote/osg_app
sourcing /osgremote/osg_app/cmssoft/cms/cmsset_default.sh ...
==> setup cms environment ok
SCRAM_ARCH = slc6_amd64_gcc481
>>> specific cmssw setup environment:
CMSSW_VERSION =  CMSSW_7_1_0
>>> current directory (SOFTWARE_DIR): /var/lib/condor/execute/dir_14025/glide_Zt2Vk9/execute/dir_12457/cms_8GuEdpbfXriA/CMSSW_7_1_0
PreserveSeeds: <>
IncrementSeeds:<>
>>> info for dashboard:
***** Cat /var/lib/condor/execute/dir_14025/glide_Zt2Vk9/execute/dir_12457/jobreport.txt *****
MonitorJobID=211_https://vocms83.cern.ch//141020//160596.210
MonitorID=psaxena_GEN-SIM-DIGI-L1_v1_010813_i64q1f
***** End Cat jobreport *****
Parameters sent to Dashboard.
crabWatchdog started as process 23354
>>> moving CMSSW software directories in /var/lib/condor/execute/dir_14025/glide_Zt2Vk9/execute/dir_12457/cms_8GuEdpbfXriA/CMSSW_7_1_0
mv: cannot stat `/var/lib/condor/execute/dir_14025/glide_Zt2Vk9/execute/dir_12457/module/': No such file or directory
>>> Include /var/lib/condor/execute/dir_14025/glide_Zt2Vk9/execute/dir_12457 in PYTHONPATH:
PYTHONPATH=/var/lib/condor/execute/dir_14025/glide_Zt2Vk9/execute/dir_12457/:/var/lib/condor/execute/dir_14025/glide_Zt2Vk9/execute/dir_12457/cms_8GuEdpbfXriA/CMSSW_7_1_0/python:/var/lib/condor/execute/dir_14025/glide_Zt2Vk9/execute/dir_12457/cms_8GuEdpbfXriA/CMSSW_7_1_0/lib/slc6_amd64_gcc481:/cvmfs/cms.cern.ch/slc6_amd64_gcc481/cms/cmssw/CMSSW_7_1_0/python:/cvmfs/cms.cern.ch/slc6_amd64_gcc481/cms/cmssw/CMSSW_7_1_0/lib/slc6_amd64_gcc481:/cvmfs/cms.cern.ch/slc6_amd64_gcc481/cms/coral/CORAL_2_3_21-cms20/slc6_amd64_gcc481/python:/cvmfs/cms.cern.ch/slc6_amd64_gcc481/cms/coral/CORAL_2_3_21-cms20/slc6_amd64_gcc481/lib:/cvmfs/cms.cern.ch/slc6_amd64_gcc481/external/pyqt/4.8.1-cms/lib/python2.7/site-packages:/cvmfs/cms.cern.ch/slc6_amd64_gcc481/external/py2-scipy/0.8.0-cms/lib/python2.7/site-packages:/cvmfs/cms.cern.ch/slc6_amd64_gcc481/external/py2-matplotlib/1.2.1-cms/lib/python2.7/site-packages:/cvmfs/cms.cern.ch/slc6_amd64_gcc481/external/yoda/1.0.4/lib/python2.7/site-packages:/cvmfs/cms.cern.ch/slc6_amd64_gcc481/external/python-ldap/2.4.10-cms/lib/python2.7/site-packages:/cvmfs/cms.cern.ch/slc6_amd64_gcc481/external/sip/4.11.2-cms/lib/python2.7/site-packages:/cvmfs/cms.cern.ch/slc6_amd64_gcc481/external/llvm/3.4-cms/lib/python2.7/site-packages:/cvmfs/cms.cern.ch/slc6_amd64_gcc481/external/py2-sqlalchemy/0.8.2-cms2/lib/python2.7/site-packages:/cvmfs/cms.cern.ch/slc6_amd64_gcc481/external/py2-pycurl/7.19.0-cms/lib/python2.7/site-packages:/cvmfs/cms.cern.ch/slc6_amd64_gcc481/external/py2-python-dateutil/1.1-cms/lib/python2.7/site-packages:/cvmfs/cms.cern.ch/slc6_amd64_gcc481/external/py2-numpy/1.6.1-cms/lib/python2.7/site-packages:/cvmfs/cms.cern.ch/slc6_amd64_gcc481/external/py2-lint/0.25.1-cms/lib/python2.7/site-packages:/cvmfs/cms.cern.ch/slc6_amd64_gcc481/external/py2-ipython/0.10-cms/lib/python2.7/site-packages:/cvmfs/cms.cern.ch/slc6_amd64_gcc481/external/py2-cx-oracle/5.1-cms2/lib/python2.7/site-packages:/cvmfs/cms.cern.ch/slc6_amd64_gcc481/external/py2-cjson/1.0.5-cms/lib/python2.7/site-packages:/cvmfs/cms.cern.ch/slc6_amd64_gcc481/external/frontier_client/2.8.10/python/lib:/cvmfs/cms.cern.ch/slc6_amd64_gcc481/cms/das-client/2.5.0/bin:/cvmfs/cms.cern.ch/slc6_amd64_gcc481/external/cython/0.19.1/lib/python2.7/site-packages:/cvmfs/cms.cern.ch/slc6_amd64_gcc481/external/rivet/1.8.2-cms5/lib/python2.7/site-packages:/cvmfs/cms.cern.ch/slc6_amd64_gcc481/external/pyminuit2/0.0.1-cms14/lib/python2.7/site-packages:/cvmfs/cms.cern.ch/slc6_amd64_gcc481/external/py2-pygithub/1.23.0/lib/python2.7/site-packages:/cvmfs/cms.cern.ch/slc6_amd64_gcc481/external/py2-networkx/1.8.1/lib/python2.7/site-packages:/cvmfs/cms.cern.ch/slc6_amd64_gcc481/external/professor/1.0.0-cms14/lib/python2.7/site-packages:/cvmfs/cms.cern.ch/slc6_amd64_gcc481/lcg/root/5.34.18-cms/lib:/cvmfs/cms.cern.ch/slc6_amd64_gcc481/cms/dbs-client/DBS_2_1_9-cms/lib:/cvmfs/cms.cern.ch/slc6_amd64_gcc481/cms/dbs-client/DBS_2_1_9-cms/lib/DBSAPI:/cvmfs/cms.cern.ch/slc6_amd64_gcc481/external/cvs2git/5419-cms/lib:/var/lib/condor/execute/dir_14025/glide_Zt2Vk9/execute/dir_12457/
 
# LIMITS USED BY CRAB WATCHDOG:
# RSS  (KBytes)   : 2300000
# VSZ  (KBytes)   : 100000000
# DISK (MBytes)   : 19000
# CPU TIME        : 720h:0m:0s
# WALL CLOCK TIME : 21h:50m:0s
 
8f0e07c2da3e0c22ad4f760b99bc7cd5
PSETHASH = 8f0e07c2da3e0c22ad4f760b99bc7cd5
/var/lib/condor/execute/dir_14025/glide_Zt2Vk9/execute/dir_12457/writeCfg.py pset.py pset.py
Importing .py file
Setting parameters
RandomNumberGeneratorService found, will attempt to change seeds
inputBlocks=
inputFiles=
parentFiles=
lumisRange=
>>> Executable cmsRun
/cvmfs/cms.cern.ch/slc6_amd64_gcc481/cms/cmssw/CMSSW_7_1_0/bin/slc6_amd64_gcc481/cmsRun
ok executable found
>>> info for dashboard:
***** Cat /var/lib/condor/execute/dir_14025/glide_Zt2Vk9/execute/dir_12457/jobreport.txt *****
MonitorJobID=211_https://vocms83.cern.ch//141020//160596.210
MonitorID=psaxena_GEN-SIM-DIGI-L1_v1_010813_i64q1f
ExeStart=cmsRun
***** End Cat jobreport *****
Parameters sent to Dashboard.
>>> cmsRun started at Mon Oct 20 13:16:29 UTC 2014
>>> cmsRun ended at Mon Oct 20 15:44:26 UTC 2014
>>> crab_fjr_*.xml  permission set to 0704
>>> info for dashboard:
***** Cat /var/lib/condor/execute/dir_14025/glide_Zt2Vk9/execute/dir_12457/jobreport.txt *****
MonitorJobID=211_https://vocms83.cern.ch//141020//160596.210
MonitorID=psaxena_GEN-SIM-DIGI-L1_v1_010813_i64q1f
ExeEnd=cmsRun
***** End Cat jobreport *****
Parameters sent to Dashboard.
/var/lib/condor/execute/dir_14025/glide_Zt2Vk9/execute/dir_12457/condor_exec.exe: line 29: echo: write error: No space left on device
/var/lib/condor/execute/dir_14025/glide_Zt2Vk9/execute/dir_12457/condor_exec.exe: line 30: echo: write error: No space left on device
TIME_EXE = 8877 sec
/var/lib/condor/execute/dir_14025/glide_Zt2Vk9/execute/dir_12457/condor_exec.exe: line 691: echo: write error: No space left on device
>>> cmsRun wrote 1131 lines of stdout+stderr
>>> START OF printout of 1131 lines from stdout+stderr
==> using COND/Services/RelationalAuthenticationService for auth, sys 1
==> using COND/Services/RelationalAuthenticationService for auth, sys 1
G4Material WARNING: doublicate name of the new material T_RuggRibbon
G4Material WARNING: doublicate name of the new material Quartz
Set Driver verbosity to -2
 New QGSP_FTFP_BERT physics list, replaces LEP with FTF/P for p/n/pi (/K?)  Thresholds: 
    1) between BERT  and FTF/P over the interval 6 to 8 GeV. 
    2) between FTF/P and QGS/P over the interval 12 to 25 GeV. 
  -- quasiElastic was asked to be 1
     Changed to 1 for QGS  and to 0 (must be false) for FTF
Begin processing the 1st record. Run 1, Event 1, LumiSection 211 at 20-Oct-2014 08:24:06.897 CDT
DTTSPhi::addTracoT: preview not present in TRACO trigger or its code=0  trigger not added!
DTTSPhi::addTracoT: preview not present in TRACO trigger or its code=0  trigger not added!
DTTSPhi::addTracoT: preview not present in TRACO trigger or its code=0  trigger not added!
DTTSPhi::addTracoT: preview not present in TRACO trigger or its code=0  trigger not added!
DTTSPhi::addTracoT: preview not present in TRACO trigger or its code=0  trigger not added!
DTTSPhi::addTracoT: preview not present in TRACO trigger or its code=0  trigger not added!
DTTSPhi::addTracoT: preview not present in TRACO trigger or its code=0  trigger not added!
DTTSPhi::addTracoT: preview not present in TRACO trigger or its code=0  trigger not added!
DTTSPhi::addTracoT: preview not present in TRACO trigger or its code=0  trigger not added!
DTTSPhi::addTracoT: preview not present in TRACO trigger or its code=0  trigger not added!
DTTSPhi::addTracoT: preview not present in TRACO trigger or its code=0  trigger not added!
DTTSPhi::addTracoT: preview not present in TRACO trigger or its code=0  trigger not added!
Begin processing the 101st record. Run 1, Event 101, LumiSection 211 at 20-Oct-2014 08:26:51.176 CDT
DTTSPhi::addTracoT: preview not present in TRACO trigger or its code=0  trigger not added!
DTTSPhi::addTracoT: preview not present in TRACO trigger or its code=0  trigger not added!
DTTSPhi::addTracoT: preview not present in TRACO trigger or its code=0  trigger not added!
DTTSPhi::addTracoT: preview not present in TRACO trigger or its code=0  trigger not added!
DTTSPhi::addTracoT: preview not present in TRACO trigger or its code=0  trigger not added!
DTTSPhi::addTracoT: preview not present in TRACO trigger or its code=0  trigger not added!
DTTSPhi::addTracoT: preview not present in TRACO trigger or its code=0  trigger not added!
DTTSPhi::addTracoT: preview not present in TRACO trigger or its code=0  trigger not added!
DTTSPhi::addTracoT: preview not present in TRACO trigger or its code=0  trigger not added!
DTTSPhi::addTracoT: preview not present in TRACO trigger or its code=0  trigger not added!
DTTSPhi::addTracoT: preview not present in TRACO trigger or its code=0  trigger not added!
DTTSPhi::addTracoT: preview not presentChecking output files:  
will tar file crab_fjr_211.xml in  out_files_211
WARNING: output file CMSSW_211.stdout not found!
WARNING: output file CMSSW_211.stderr not found!
WARNING: output file Watchdog_211.log.gz not found!
>>> working dir = /var/lib/condor/execute/dir_14025/glide_Zt2Vk9/execute/dir_12457/cms_8GuEdpbfXriA
>>> current directory (RUNTIME_AREA): /var/lib/condor/execute/dir_14025/glide_Zt2Vk9/execute/dir_12457
>>> Remove working directory: /var/lib/condor/execute/dir_14025/glide_Zt2Vk9/execute/dir_12457/cms_8GuEdpbfXriA
/var/lib/condor/execute/dir_14025/glide_Zt2Vk9/execute/dir_12457/condor_exec.exe: line 140: symlinks: command not found
>>> padding time: Wrapper lasting more than 600 seconds. No sleep required.
STOPPING WATCHDOG. CrabWatchdog PID is 23354
********** LAST 50 LINES OF WATCHDOG LOG
 Oct 20 09:55:03 CDT	---	1177476	1662420	764	----	----	----
 Oct 20 09:56:04 CDT	---	1177476	1662420	773	----	----	----
 Oct 20 09:57:05 CDT	---	1177476	1662420	780	----	----	----
 Oct 20 09:58:06 CDT	---	1177476	1662420	789	----	----	----
 Oct 20 09:59:07 CDT	---	1177476	1662420	798	----	----	----
 Oct 20 10:00:08 CDT	---	1177476	1662420	807	----	----	----
 Oct 20 10:01:09 CDT	---	1177476	1662420	814	----	----	----
 Oct 20 10:02:10 CDT	---	1177476	1662420	823	----	----	----
 Oct 20 10:03:11 CDT	---	1177476	1662420	832	----	----	----
 Oct 20 10:04:12 CDT	---	1177476	1662420	841	----	----	----
 Oct 20 10:05:13 CDT	---	1177476	1662420	850	----	----	----
 Oct 20 10:06:14 CDT	---	1177476	1662420	859	----	----	----
 Oct 20 10:07:15 CDT	---	1177476	1662420	865	----	----	----
 Oct 20 10:08:17 CDT	---	1177476	1662420	875	----	----	----
 Oct 20 10:09:18 CDT	---	1177476	1662420	884	----	----	----
 Oct 20 10:10:19 CDT	---	1177476	1662420	893	----	----	----
 Oct 20 10:11:20 CDT	---	1177476	1662420	902	----	----	----
 Oct 20 10:12:21 CDT	---	1177476	1662420	910	----	----	----
 Oct 20 10:13:22 CDT	---	1177476	1662420	920	----	----	----
 Oct 20 10:14:23 CDT	---	1177476	1662420	927	----	----	----
 Oct 20 10:15:24 CDT	---	1177476	1662420	936	----	----	----
 Oct 20 10:16:25 CDT	---	1177476	1662420	945	----	----	----
 Oct 20 10:17:26 CDT	---	1177476	1662420	954	----	----	----
 Oct 20 10:18:27 CDT	---	1177476	1662420	963	----	----	----
 Oct 20 10:19:28 CDT	---	1177476	1662420	972	----	----	----
 Oct 20 10:20:29 CDT	---	1177476	1662420	981	----	----	----
 Oct 20 10:21:31 CDT	---	1177476	1662420	988	----	----	----
 Oct 20 10:22:32 CDT	---	1177476	1662420	997	----	----	----
 Oct 20 10:23:33 CDT	---	1177476	1662420	1006	----	----	----
 Oct 20 10:24:34 CDT	---	1177476	1662420	1015	----	----	----
# TIME			PID	RSS(KB)	VSZ(KB)	Dsk(MB)	tCPU(s)	tWALL(s)	COMMAND
 Oct 20 10:25:35 CDT	---	1177476	1662420	1024	----	----	----
 Oct 20 10:26:36 CDT	---	1177476	1662420	1033	----	----	----
 Oct 20 10:27:37 CDT	---	1177476	1662420	1040	----	----	----
 Oct 20 10:28:38 CDT	---	1177476	1662420	1049	----	----	----
 Oct 20 10:29:39 CDT	---	1177476	1662420	1058	----	----	----
 Oct 20 10:30:40 CDT	---	1177476	1662420	1067	----	----	----
 Oct 20 10:31:41 CDT	---	1177476	1662420	1076	----	----	----
 Oct 20 10:32:42 CDT	---	1177476	1662420	1085	----	----	----
 Oct 20 10:33:43 CDT	---	1177476	1662420	1092	----	----	----
 Oct 20 10:34:45 CDT	---	1177476	1662420	1101	----	----	----
 Oct 20 10:35:46 CDT	---	1177476	1662420	1110	----	----	----
 Oct 20 10:36:47 CDT	---	1177476	1662420	1119	----	----	----
 Oct 20 10:37:48 CDT	---	1177476	1662420	1128	----	----	----
 Oct 20 10:38:49 CDT	---	1177476	1662420	1137	----	----	----
 Oct 20 10:39:50 CDT	---	1177476	1662420	1144	----	----	----
 Oct 20 10:40:51 CDT	---	1177476	1662420	1153	----	----	----
 Oct 20 10:41:52 CDT	---	1177476	1662420	1162	----	----	----
 Oct 20 10:42:53 CDT	---	1177476	1662420	1171	----	----	----
 Oct 20 10:43:54 CDT	---	1177476	1662420	1180	----	----	----
********** WATCHDOG LOG ENDED
ZIPPING WATCHDOG LOG
Disk space used:
du -sh /var/lib/condor/execute/dir_14025/glide_Zt2Vk9/execute/dir_12457
3.6M	/var/lib/condor/execute/dir_14025/glide_Zt2Vk9/execute/dir_12457
Found unusual stdout, rename for OSB
`/var/lib/condor/execute/dir_14025/glide_Zt2Vk9/execute/dir_12457/_condor_stdout' -> `CMSSW_211.stdout'
Found unusual stderr, rename for OSB
`/var/lib/condor/execute/dir_14025/glide_Zt2Vk9/execute/dir_12457/_condor_stdout' -> `CMSSW_211.stderr'
crab_fjr_211.xml
CMSSW_211.stdout
CMSSW_211.stderr
Watchdog_211.log.gz
Total Output dimension: 6988
WARNING: output files size limit is set to: 50000000
Total Output dimension 6988 is fine.
JOB_EXIT_STATUS = 50115
>>> info for dashboard:
***** Cat /var/lib/condor/execute/dir_14025/glide_Zt2Vk9/execute/dir_12457/jobreport.txt *****
CrabUserCpuTime=8449.82
CrabSysCpuTime=19.13
CrabCpuPercentage=95%
CrabWrapperTime=8905
CrabStageoutTime=NULL
JobExitCode=50115
***** End Cat jobreport *****
Parameters sent to Dashboard.
EXITING at Mon Oct 20 10:44:33 CDT 2014  -  Mon Oct 20 15:44:33 UTC 2014
