This script was generated by crab (version 2.10.5_patch1).
Running /cafscr/condor_local/execute/dir_25482/glide_O25561/execute/dir_3317/condor_exec.exe with 2 positional parameters: 214 1
Today is Mon Oct 20 09:16:01 EDT 2014 - Mon Oct 20 13:16:01 UTC 2014
Job submitted on host node51.hexfarm.rutgers.edu
Linux node51.hexfarm.rutgers.edu 2.6.18-274.18.1.el5 #1 SMP Thu Feb 9 12:20:03 EST 2012 x86_64 x86_64 x86_64 GNU/Linux
>>> current directory (RUNTIME_AREA): /cafscr/condor_local/execute/dir_25482/glide_O25561/execute/dir_3317
>>> current user: uid=8007(uscms01) gid=3208(osguser) groups=3208(osguser)
>>> directory permission set to 0700
WARNING: Unable to verify signature! Server certificate possibly not installed.
Error: Cannot verify AC signature!
>>> umask set to:  u=rwx,g=,o=
>>> stdout stderr permission set to 0704
>>> voms proxy information:
WARNING: Unable to verify signature! Server certificate possibly not installed.
Error: Cannot verify AC signature!
subject   : /C=DE/O=GermanGrid/OU=DESY/CN=Pooja Saxena/CN=2033352022/CN=233777750
issuer    : /C=DE/O=GermanGrid/OU=DESY/CN=Pooja Saxena/CN=2033352022
identity  : /C=DE/O=GermanGrid/OU=DESY/CN=Pooja Saxena/CN=2033352022
type      : RFC compliant proxy
strength  : 1024 bits
path      : /cafscr/condor_local/execute/dir_25482/glide_O25561/execute/dir_3317/x509up_u23320
timeleft  : 23:59:57
=== VO cms extension information ===
VO        : cms
subject   : /C=DE/O=GermanGrid/OU=DESY/CN=Pooja Saxena
issuer    : /DC=ch/DC=cern/OU=computers/CN=voms.cern.ch
attribute : /cms/Role=NULL/Capability=NULL
attribute : /cms/dcms/Role=NULL/Capability=NULL
attribute : /cms/uscms/Role=NULL/Capability=NULL
timeleft  : 191:42:08
uri       : voms.cern.ch:15002
WNHostName=node51.hexfarm.rutgers.edu
>>> tar --no-same-permissions -xf /cafscr/condor_local/execute/dir_25482/glide_O25561/execute/dir_3317/default.tgz :
Successful untar
>>> Include /cafscr/condor_local/execute/dir_25482/glide_O25561/execute/dir_3317 in PYTHONPATH:
PYTHONPATH=/cafscr/condor_local/execute/dir_25482/glide_O25561/execute/dir_3317/:/osg/osg-1.2/wnclient/lcg/lib64/python2/site-packages:
strip arguments
env var CRAB_UNIQUE_JOB_ID set to: psaxena_GEN-SIM-DIGI-L1_v1_010813_i64q1f_214_1_v5s
out_files_214
>>> list of expected files on output sandbox
output files: crab_fjr_214.xml CMSSW_214.stdout CMSSW_214.stderr Watchdog_214.log.gz
>>> GridFlavour discovery: 
source OSG GRID setup script
GridFlavour=OSG
>>> SyncSite discovery: 
SyncSite=T3_US_Rutgers
>>> SyncCE discovery: 
getting SyncCE from OSG_JOB_CONTACT
SyncCE=ruhex-osgce.rutgers.edu/jobmanager-condor
>>> info for dashboard:
***** Cat /cafscr/condor_local/execute/dir_25482/glide_O25561/execute/dir_3317/jobreport.txt *****
WNHostName=node51.hexfarm.rutgers.edu
MonitorJobID=214_https://vocms83.cern.ch//141020//160596.213
SyncGridJobId=https://vocms83.cern.ch//141020//160596.213
MonitorID=psaxena_GEN-SIM-DIGI-L1_v1_010813_i64q1f
GridFlavour=OSG
SyncSite=T3_US_Rutgers
SyncCE=ruhex-osgce.rutgers.edu/jobmanager-condor
***** End Cat jobreport *****
Parameters sent to Dashboard.
>>> setup environment
set SCRAM ARCH to slc6_amd64_gcc481
SCRAM_ARCH = slc6_amd64_gcc481
>>> Created working directory: /cafscr/condor_local/execute/dir_25482/glide_O25561/execute/dir_3317/cms_zhXvaGIm3526
Change to working directory: /cafscr/condor_local/execute/dir_25482/glide_O25561/execute/dir_3317/cms_zhXvaGIm3526
>>> current directory (WORKING_DIR): /cafscr/condor_local/execute/dir_25482/glide_O25561/execute/dir_3317/cms_zhXvaGIm3526
>>> setup CMS OSG environment:
set SCRAM ARCH to slc6_amd64_gcc481
SCRAM_ARCH = slc6_amd64_gcc481
OSG_APP is /osg/osg-1.2/osg-app
sourcing /osg/osg-1.2/osg-app/cmssoft/cms/cmsset_default.sh ...
==> setup cms environment ok
SCRAM_ARCH = slc6_amd64_gcc481
>>> specific cmssw setup environment:
CMSSW_VERSION =  CMSSW_7_1_0
ERROR: Unable to find release area for "CMSSW" version "CMSSW_7_1_0" for arch slc6_amd64_gcc481.
Please make sure you have used the correct name/version.
You can run "scram list CMSSW" to get the list of available versions.
ERROR ==> CMSSW CMSSW_7_1_0 not found on node51.hexfarm.rutgers.edu
CrabWrapper EXIT_FUNC entered at Mon Oct 20 09:16:03 EDT 2014   -  Mon Oct 20 13:16:03 UTC 2014
Checking output files:  
will tar file crab_fjr_214.xml in  out_files_214
WARNING: output file CMSSW_214.stdout not found!
WARNING: output file CMSSW_214.stderr not found!
WARNING: output file Watchdog_214.log.gz not found!
>>> working dir = /cafscr/condor_local/execute/dir_25482/glide_O25561/execute/dir_3317/cms_zhXvaGIm3526
>>> current directory (RUNTIME_AREA): /cafscr/condor_local/execute/dir_25482/glide_O25561/execute/dir_3317
>>> Remove working directory: /cafscr/condor_local/execute/dir_25482/glide_O25561/execute/dir_3317/cms_zhXvaGIm3526
>>> padding time: Sleeping the wrapper for 598 seconds
STOPPING WATCHDOG. CrabWatchdog PID is 
kill: usage: kill [-s sigspec | -n signum | -sigspec] pid | jobspec ... or kill -l [sigspec]
********** LAST 50 LINES OF WATCHDOG LOG
tail: cannot open `Watchdog_214.log' for reading: No such file or directory
********** WATCHDOG LOG ENDED
ZIPPING WATCHDOG LOG
gzip: Watchdog_214.log: No such file or directory
Disk space used:
du -sh /cafscr/condor_local/execute/dir_25482/glide_O25561/execute/dir_3317
5.7M	/cafscr/condor_local/execute/dir_25482/glide_O25561/execute/dir_3317
Found unusual stdout, rename for OSB
`/cafscr/condor_local/execute/dir_25482/glide_O25561/execute/dir_3317/_condor_stdout' -> `CMSSW_214.stdout'
Found unusual stderr, rename for OSB
`/cafscr/condor_local/execute/dir_25482/glide_O25561/execute/dir_3317/_condor_stdout' -> `CMSSW_214.stderr'
crab_fjr_214.xml
CMSSW_214.stdout
CMSSW_214.stderr
tar: Watchdog_214.log.gz: Cannot stat: No such file or directory
tar: Error exit delayed from previous errors
Total Output dimension: 2457
WARNING: output files size limit is set to: 50000000
Total Output dimension 2457 is fine.
JOB_EXIT_STATUS = 10034
>>> info for dashboard:
***** Cat /cafscr/condor_local/execute/dir_25482/glide_O25561/execute/dir_3317/jobreport.txt *****
MonitorJobID=214_https://vocms83.cern.ch//141020//160596.213
MonitorID=psaxena_GEN-SIM-DIGI-L1_v1_010813_i64q1f
CrabUserCpuTime=
CrabSysCpuTime=
CrabCpuPercentage=
CrabWrapperTime=600
CrabStageoutTime=NULL
JobExitCode=10034
***** End Cat jobreport *****
Parameters sent to Dashboard.
EXITING at Mon Oct 20 09:26:03 EDT 2014  -  Mon Oct 20 13:26:03 UTC 2014
